// 重构日志: 77f591c4
// 重构日志: 94c1c883
// 重构日志: a70019ec
// 重构日志: ecccc0cc
// 重构日志: ed686c91
// 同步 ID: a03a7784 @ Thu Jul 23 01:10:32 UTC 2026
// 重构日志: 99778606
// 重构日志: 6a09d186
// 重构日志: 3c364124
// 重构日志: b47334ec
// 同步 ID: 3b5a1865 @ Fri Jul 31 00:47:56 UTC 2026
// 重构日志: faa6e59a
// 重构日志: b364514d
// 重构日志: 321937e2
// 重构日志: 9d7626f5
// 同步 ID: ec99f9ef @ Mon Aug  3 00:46:02 UTC 2026
// 同步 ID: 0dd7c8f8 @ Tue Aug  4 17:55:31 UTC 2026
// 重构日志: 977b1d2f
// 同步 ID: 192e0276 @ Wed Aug  5 16:38:28 UTC 2026
// 重构日志: fb206268
// 同步 ID: baf3a7b4 @ Sat Aug  8 04:49:13 UTC 2026
